"# Demo File\nThis was created by Yips.\nFeel free to open it!"